digit = [0-9]
number = digit+

export main = 'id:' &number




++++++++++++++++++++++++++++++callexpr++++++++++++++++++++++++++++++++++
main expr

start: 0
finals: 4
edges:
0:  (105,1)
1:  (100,2)
2:  (58,3)
3:  (2114112,4)
4: 
======
0: 
1: 
2: 
3:  Call^(51-58))
4:  Call$(51-58))

callexpr展开后------------------------

last allocate done---------------------->
start: 0
finals: 4
edges:
0:  (105,1)
1:  (100,2)
2:  (58,3)
3:  (2114112,4)
4: 
5:  (48-57,6)
6:  (48-57,6)

0: 
1: 
2: 
3:  Call^(51-58))
4:  Call$(51-58))
5: 
6: 
last allocate done<----------------------

++++++++++++++++++++++++++++++collapseexpr++++++++++++++++++++++++++++++++++

====== FSA Automaton
start: 0
finals: 4
edges:
0:  (105,1)
1:  (100,2)
2:  (58,3)
3:  (3114112,4)
4: 

====== FSA Associated Expr of each state
0: 
1: 
2: 
3:  Collapse^(51-58))
4:  Collapse$(51-58))


collapseexpr展开后------------------------

last allocate done---------------------->
====== FSA Automaton
start: 0
finals: 4
edges:
0:  (105,1)
1:  (100,2)
2:  (58,3)
3:  (-1,5)
4: 
5:  (48-57,6)
6:  (-1,4) (48-57,6)

====== FSA Associated Expr of each state
0: 
1: 
2: 
3:  Collapse^(51-58))
4:  Collapse$(51-58))
5: 
6: 

last allocate done<----------------------
