ws = [ \t\r\n]+
opt_ws = [ \t\r\n]*
ident = [a-zA-Z_] [a-zA-Z0-9_]*
number = [0-9]+
string = "'" [^']* "'"
literal = number | string

op = '=' | '!=' | '<' | '>' | '<=' | '>=' | 'like' | 'LIKE'
expr_atom = ident opt_ws op opt_ws ( literal | '(' opt_ws !select_stmt opt_ws ')' )
expr = expr_atom ( opt_ws ('AND' | 'and' | 'OR' | 'or') ws !expr )?

select_clause = ('SELECT' | 'select') ws ( '*' | ident ( opt_ws ',' opt_ws ident )* )
from_clause   = ('FROM' | 'from') ws ident
where_clause  = ('WHERE' | 'where') ws !expr

export select_stmt = select_clause ws from_clause ( ws where_clause )?

------------------------------------------------------------------------
0. select_stmt的状态转移
    start: 0
    finals: 19 28
    edges:
    0:  (83,1) (115,2)'
    1:  (69,35)
    2:  (101,3)
    3:  (108,4)
    4:  (101,5)
    5:  (99,6)
    6:  (116,7)
    7:  (9-10,8) (13,8) (32,8)
    8:  (9-10,8) (13,8) (32,8) (42,9) (65-90,10) (95,10) (97-122,10)
    9:  (9-10,34) (13,34) (32,34)
    10:  (9-10,11) (13,11) (32,11) (44,12) (48-57,10) (65-90,10) (95,10) (97-122,10)
    11:  (9-10,11) (13,11) (32,11) (44,12) (70,13) (102,14)
    12:  (9-10,12) (13,12) (32,12) (65-90,10) (95,10) (97-122,10)
    13:  (82,32)
    14:  (114,15)
    15:  (111,16)
    16:  (109,17)
    17:  (9-10,18) (13,18) (32,18)
    18:  (9-10,18) (13,18) (32,18) (65-90,19) (95,19) (97-122,19)
    19:  (9-10,20) (13,20) (32,20) (48-57,19) (65-90,19) (95,19) (97-122,19)
    20:  (9-10,20) (13,20) (32,20) (87,21) (119,22)
    21:  (72,29)
    22:  (104,23)
    23:  (101,24)
    24:  (114,25)
    25:  (101,26)
    26:  (9-10,27) (13,27) (32,27)
    27:  (9-10,27) (13,27) (32,27) (3114114,28)
    28: 
    29:  (69,30)
    30:  (82,31)
    31:  (69,26)
    32:  (79,33)
    33:  (77,17)
    34:  (9-10,34) (13,34) (32,34) (70,13) (102,14)
    35:  (76,36)
    36:  (69,37)
    37:  (67,38)
    38:  (84,7)

   expr的状态转移 
    0:  (65-90,1) (95,1) (97-122,1)
    1:  (9-10,2) (13,2) (32,2) (33,3) (48-57,1) (60,4) (61,5) (62,4) (65-75,1) (76,6) (77-90,1) (95,1) (97-107,1) (108,7) (109-122,1)
    2:  (9-10,2) (13,2) (32,2) (33,3) (60,4) (61,5) (62,4) (76,22) (108,23)
    3:  (61,5)
    4:  (9-10,5) (13,5) (32,5) (39,12) (40,13) (48-57,42) (61,5)
    5:  (9-10,5) (13,5) (32,5) (39,12) (40,13) (48-57,42)
    6:  (9-10,2) (13,2) (32,2) (33,3) (48-57,1) (60,4) (61,5) (62,4) (65-72,1) (73,43) (74-75,1) (76,6) (77-90,1) (95,1) (97-107,1) (108,7) (109-122,1)
    7:  (9-10,2) (13,2) (32,2) (33,3) (48-57,1) (60,4) (61,5) (62,4) (65-75,1) (76,6) (77-90,1) (95,1) (97-104,1) (105,8) (106-107,1) (108,7) (109-122,1)
    8:  (9-10,2) (13,2) (32,2) (33,3) (48-57,1) (60,4) (61,5) (62,4) (65-75,1) (76,6) (77-90,1) (95,1) (97-106,1) (107,9) (108,7) (109-122,1)
    9:  (9-10,2) (13,2) (32,2) (33,3) (48-57,1) (60,4) (61,5) (62,4) (65-75,1) (76,6) (77-90,1) (95,1) (97-100,1) (101,10) (102-107,1) (108,7) (109-122,1)
    10:  (9-10,11) (13,11) (32,11) (33,3) (39,12) (40,13) (48-57,14) (60,4) (61,5) (62,4) (65-75,1) (76,6) (77-90,1) (95,1) (97-107,1) (108,7) (109-122,1)
    11:  (9-10,11) (13,11) (32,11) (33,3) (39,12) (40,13) (48-57,42) (60,4) (61,5) (62,4) (76,22) (108,23)
    12:  (0-38,12) (39,40) (40-1114111,12)
    13:  (9-10,13) (13,13) (32,13) (3114112,39)
    14:  (9-10,15) (13,15) (32,15) (33,3) (48-57,14) (60,4) (61,5) (62,4) (65,16) (66-75,1) (76,6) (77-78,1) (79,17) (80-90,1) (95,1) (97,18) (98-107,1) (108,7) (109-110,1) (111,19) (112-122,1)
    15:  (9-10,15) (13,15) (32,15) (33,3) (60,4) (61,5) (62,4) (65,31) (76,22) (79,32) (97,33) (108,23) (111,34)
    16:  (9-10,2) (13,2) (32,2) (33,3) (48-57,1) (60,4) (61,5) (62,4) (65-75,1) (76,6) (77,1) (78,30) (79-90,1) (95,1) (97-107,1) (108,7) (109-122,1)
    17:  (9-10,2) (13,2) (32,2) (33,3) (48-57,1) (60,4) (61,5) (62,4) (65-75,1) (76,6) (77-81,1) (82,20) (83-90,1) (95,1) (97-107,1) (108,7) (109-122,1)
    18:  (9-10,2) (13,2) (32,2) (33,3) (48-57,1) (60,4) (61,5) (62,4) (65-75,1) (76,6) (77-90,1) (95,1) (97-107,1) (108,7) (109,1) (110,29) (111-122,1)
    19:  (9-10,2) (13,2) (32,2) (33,3) (48-57,1) (60,4) (61,5) (62,4) (65-75,1) (76,6) (77-90,1) (95,1) (97-107,1) (108,7) (109-113,1) (114,20) (115-122,1)
    20:  (9-10,21) (13,21) (32,21) (33,3) (48-57,1) (60,4) (61,5) (62,4) (65-75,1) (76,6) (77-90,1) (95,1) (97-107,1) (108,7) (109-122,1)
    21:  (9-10,21) (13,21) (32,21) (33,3) (60,4) (61,5) (62,4) (76,22) (108,23) (3114113,24)
    22:  (73,27)
    23:  (105,25)
    24: 
    25:  (107,26)
    26:  (101,5)
    27:  (75,28)
    28:  (69,5)
    29:  (9-10,2) (13,2) (32,2) (33,3) (48-57,1) (60,4) (61,5) (62,4) (65-75,1) (76,6) (77-90,1) (95,1) (97-99,1) (100,20) (101-107,1) (108,7) (109-122,1)
    30:  (9-10,2) (13,2) (32,2) (33,3) (48-57,1) (60,4) (61,5) (62,4) (65-67,1) (68,20) (69-75,1) (76,6) (77-90,1) (95,1) (97-107,1) (108,7) (109-122,1)
    31:  (78,38)
    32:  (82,35)
    33:  (110,37)
    34:  (114,35)
    35:  (9-10,36) (13,36) (32,36)
    36:  (9-10,36) (13,36) (32,36) (3114113,24)
    37:  (100,35)
    38:  (68,35)
    39:  (9-10,39) (13,39) (32,39) (41,40)
    40:  (9-10,41) (13,41) (32,41) (65,31) (79,32) (97,33) (111,34)
    41:  (9-10,41) (13,41) (32,41) (65,31) (79,32) (97,33) (111,34)
    42:  (9-10,41) (13,41) (32,41) (48-57,42) (65,31) (79,32) (97,33) (111,34)
    43:  (9-10,2) (13,2) (32,2) (33,3) (48-57,1) (60,4) (61,5) (62,4) (65-74,1) (75,44) (76,6) (77-90,1) (95,1) (97-107,1) (108,7) (109-122,1)
    44:  (9-10,2) (13,2) (32,2) (33,3) (48-57,1) (60,4) (61,5) (62,4) (65-68,1) (69,10) (70-75,1) (76,6) (77-90,1) (95,1) (97-107,1) (108,7) (109-122,1)

------------------------------------------------

1. 为何select_stmt中会有assoc?
    expr_atom中有引用 最终expr_atom的assoc中也有
    expr中有引用 最终expr的assoc中也有 且它还直接拷贝了expr_atom 最终expr_atom的assoc中有(合并了)expr_atom中的引用
    where_clause中有引用 最终where_clause的assoc中也有 这个引用的Collapse^$
    select_stmt中 因为拷贝了where_clause 所以select_stmt的assoc中会有引用

2. 进入add_assoc时机
    a. 第一次进入add_assoc 是expr_atom中 的!select_stmt 触发     id112
    b. 第二次进入add_assoc 是expr中 的!expr 触发    id113
    c. 第三次进入add_assoc 是where_clause中 的!expr 触发    id114
2.1 为何 determinize(expr_atom) 时 出现了两个 id112 这样合理吗?
    应该合理  因为minimize时 又变成一个了
    
3. 导出时:
    allocate时  
        首先把本身(即select_stmt)的stmt的adj   都追加到全局adj中
            把本身(即select_stmt)的stmt的assoc 都追加到全局assoc中
        遍历这个assoc 发现有 !expr (因为拷贝了where_clause) 则递归 allocate(expr) ------> expr中有两个引用 !select_stmt 跟 !expr
            把本身(即expr)的stmt的adj   都追加到全局adj中
            把本身(即expr)的stmt的assoc 都追加到全局assoc中
            遍历这个assoc 发现有 !select_stmt 跟 !expr 但不会做继续处理了 因为已经在处理select_stmt跟expr了
        所以最终效果就是 全局adj是 select_stmt展开后的 + expr的合集 由原先的一个114id 变成了
